{
    "response": {
        "status": "ok",
        "user": "admin"
    },
    "results": {
        "entermediakey": "adminmd5421c0af185908a6c0c40d50fd5e3f16760d5580bc",
        "firstname": "",
        "lastname": "",
        "screenname": "admin"
    }
}