{
    "response": {
        "status": "ok",
        "user": "admin"
    },
    "results": {
        "status": "invalidlogin"
    }
}