{
    "response": {
        "status": "ok",
        "id": "456"
    },
    "data": {
        "id": "456",
        "name": "cat3.png",
        "description": "cat3",
        "sourcepath": "2016/02/456/cat3.png",
        "category": [
            {
                "id": "2016_02_456",
                "name": "456"
            }
        ],
        "assettype": {
            "id": "photo",
            "name": "Artwork"
        },
        "pushstatus": {
            "id": "resend",
            "name": "Resend"
        },
        "assetviews": "1",
        "fileformat": {
            "id": "png",
            "name": "PNG"
        },
        "filesize": "154474",
        "assetmodificationdate": "2016-02-04T23:23:45",
        "recordmodificationdate": "2016-02-04T23:23:46",
        "assetaddeddate": "2016-02-04T23:23:45",
        "owner": "admin",
        "importstatus": {
            "id": "imported",
            "name": "Imported"
        },
        "previewstatus": {
            "id": "converting",
            "name": "Converting"
        },
        "editstatus": {
            "id": "1",
            "name": "Pending Approval"
        }
    }
}